******************************************************************************
                  TI ARM Linker PC v5.0.3                      
******************************************************************************
>> Linked Sat Mar 09 04:35:26 2013

OUTPUT FILE NAME:   <Stellaris IMU.out>
ENTRY POINT SYMBOL: "_c_int00"  address: 00006679


MEMORY CONFIGURATION

         name            origin    length      used     unused   attr    fill
----------------------  --------  ---------  --------  --------  ----  --------
  FLASH                 00000000   00040000  00006e0e  000391f2  R  X
  SRAM                  20000000   00008000  000029d0  00005630  RW X


SEGMENT ALLOCATION MAP

run origin  load origin   length   init length attrs members
----------  ----------- ---------- ----------- ----- -------
00000000    00000000    00006e10   00006e10    r-x
  00000000    00000000    0000026c   0000026c    r-- .intvecs
  0000026c    0000026c    00006804   00006804    r-x .text
  00006a70    00006a70    00000316   00000316    r-- .const
  00006d88    00006d88    00000088   00000088    r-- .cinit
20000000    20000000    000027f0   00000000    rw-
  20000000    20000000    00002000   00000000    rw- .stack
  20002000    20002000    000007f0   00000000    rw- .bss
200027f0    200027f0    000001e0   000001e0    rw-
  200027f0    200027f0    000001e0   000001e0    rw- .data


SECTION ALLOCATION MAP

 output                                  attributes/
section   page    origin      length       input sections
--------  ----  ----------  ----------   ----------------
.intvecs   0    00000000    0000026c     
                  00000000    0000026c     startup_ccs.obj (.intvecs)

.text      0    0000026c    00006804     
                  0000026c    000015d8     main.obj (.text)
                  00001844    00000ef8     imu.obj (.text)
                  0000273c    00000aac     adxl345.obj (.text)
                  000031e8    00000614     bmp085.obj (.text)
                  000037fc    000004b0     uartstdio.obj (.text)
                  00003cac    000004a8     rtsv7M4_T_le_v4SPD16_eabi.lib : pow.obj (.text)
                  00004154    00000408     i2c_IMU.obj (.text)
                  0000455c    00000394     hmc5883l.obj (.text)
                  000048f0    0000030c     rtsv7M4_T_le_v4SPD16_eabi.lib : xlog.obj (.text)
                  00004bfc    000002c4     l3g4200d.obj (.text)
                  00004ec0    00000208     rtsv7M4_T_le_v4SPD16_eabi.lib : xexp.obj (.text)
                  000050c8    000001d8     driverlib-cm4f.lib : sysctl.obj (.text:SysCtlClockGet)
                  000052a0    000001b6     rtsv7M4_T_le_v4SPD16_eabi.lib : fd_add_t2.obj (.text)
                  00005456    00000002     --HOLE-- [fill = 0]
                  00005458    00000194                                   : xatan.obj (.text)
                  000055ec    0000017c     tmrsys.obj (.text)
                  00005768    00000160     util.obj (.text)
                  000058c8    00000154     rtsv7M4_T_le_v4SPD16_eabi.lib : sqrt.obj (.text)
                  00005a1c    00000136                                   : fd_div_t2.obj (.text)
                  00005b52    00000002     --HOLE-- [fill = 0]
                  00005b54    00000128                                   : asin.obj (.text)
                  00005c7c    00000118                                   : atan2.obj (.text)
                  00005d94    00000104                                   : xdscale.obj (.text)
                  00005e98    000000fc                                   : fd_mul_t2.obj (.text)
                  00005f94    000000c8     driverlib-cm4f.lib : gpio.obj (.text:GPIOPadConfigSet)
                  0000605c    000000c4     rtsv7M4_T_le_v4SPD16_eabi.lib : xdint.obj (.text)
                  00006120    000000be                                   : xdnorm.obj (.text)
                  000061de    00000002     --HOLE-- [fill = 0]
                  000061e0    000000bc                                   : atan.obj (.text)
                  0000629c    000000a8     stdio_console.obj (.text)
                  00006344    0000009c     rtsv7M4_T_le_v4SPD16_eabi.lib : memcpy_t2.obj (.text)
                  000063e0    00000094                                   : auto_init.obj (.text)
                  00006474    0000007e                                   : fd_cmp_t2.obj (.text)
                  000064f2    00000002     --HOLE-- [fill = 0]
                  000064f4    00000078     driverlib-cm4f.lib : gpio.obj (.text:GPIOPinTypeI2CSCL)
                  0000656c    00000064     rtsv7M4_T_le_v4SPD16_eabi.lib : xdunscal.obj (.text)
                  000065d0    0000005e                                   : copy_decompress_rle.obj (.text)
                  0000662e    0000004a                                   : fd_tos_t2.obj (.text)
                  00006678    00000048                                   : boot.obj (.text)
                  000066c0    00000048                                   : fd_toi_t2.obj (.text)
                  00006708    00000044                                   : cpy_tbl.obj (.text)
                  0000674c    00000044                                   : xdtest.obj (.text)
                  00006790    00000042                                   : u_divt2.obj (.text)
                  000067d2    00000002     --HOLE-- [fill = 0]
                  000067d4    00000040                                   : exit.obj (.text)
                  00006814    00000040                                   : signal.obj (.text)
                  00006854    00000038                                   : fs_tod_t2.obj (.text)
                  0000688c    00000030                                   : feraiseexcept.obj (.text)
                  000068bc    00000030                                   : xferaise.obj (.text)
                  000068ec    0000002e     driverlib-cm4f.lib : gpio.obj (.text:GPIODirModeSet)
                  0000691a    0000002e     rtsv7M4_T_le_v4SPD16_eabi.lib : i_tofd_t2.obj (.text)
                  00006948    0000002e                                   : raise.obj (.text)
                  00006976    0000001a                                   : log.obj (.text)
                  00006990    00000018                                   : args_main.obj (.text)
                  000069a8    00000014     driverlib-cm4f.lib : systick.obj (.text:SysTickEnable)
                  000069bc    00000014                        : systick.obj (.text:SysTickIntDisable)
                  000069d0    00000014                        : systick.obj (.text:SysTickIntEnable)
                  000069e4    00000014     rtsv7M4_T_le_v4SPD16_eabi.lib : _lock.obj (.text)
                  000069f8    00000012                                   : copy_zero_init.obj (.text:decompress:ZI)
                  00006a0a    00000002     --HOLE-- [fill = 0]
                  00006a0c    00000010     driverlib-cm4f.lib : fpu.obj (.text:FPUEnable)
                  00006a1c    00000010                        : systick.obj (.text:SysTickPeriodSet)
                  00006a2c    0000000e     rtsv7M4_T_le_v4SPD16_eabi.lib : copy_decompress_none.obj (.text:decompress:none)
                  00006a3a    0000000c     driverlib-cm4f.lib : cpu.obj (.text:CPUcpsie)
                  00006a46    0000000c     startup_ccs.obj (.text)
                  00006a52    0000000a     driverlib-cm4f.lib : gpio.obj (.text:GPIOPinRead)
                  00006a5c    0000000a                        : interrupt.obj (.text:IntMasterEnable)
                  00006a66    00000006     rtsv7M4_T_le_v4SPD16_eabi.lib : copy_decompress_rle.obj (.text:decompress:rle24)
                  00006a6c    00000004     driverlib-cm4f.lib : i2c.obj (.text:I2CMasterDataGet)

.const     0    00006a70    00000316     
                  00006a70    00000140     bmp085.obj (.const:gPZTbl)
                  00006bb0    00000088     rtsv7M4_T_le_v4SPD16_eabi.lib : xatan.obj (.const)
                  00006c38    0000006c     driverlib-cm4f.lib : sysctl.obj (.const:g_pulXtals)
                  00006ca4    00000004     --HOLE-- [fill = 0]
                  00006ca8    00000048     rtsv7M4_T_le_v4SPD16_eabi.lib : xexp.obj (.const)
                  00006cf0    00000038                                   : xlog.obj (.const:p)
                  00006d28    00000030                                   : xdint.obj (.const)
                  00006d58    0000001c     uartstdio.obj (.const)
                  00006d74    00000012     uartstdio.obj (.const:.string)

.cinit     0    00006d88    00000088     
                  00006d88    00000063     (.cinit..data.load) [load image, compression = rle]
                  00006deb    00000001     --HOLE-- [fill = 0]
                  00006dec    0000000c     (__TI_handler_table)
                  00006df8    00000008     (.cinit..bss.load) [load image, compression = zero_init]
                  00006e00    00000010     (__TI_cinit_table)

.stack     0    20000000    00002000     UNINITIALIZED
                  20000000    00002000     --HOLE--

.bss       0    20002000    000007f0     UNINITIALIZED
                  20002000    00000194     main.obj (.bss)
                  20002194    00000190     main.obj (.bss:gXBuf)
                  20002324    00000190     main.obj (.bss:gYBuf)
                  200024b4    00000190     main.obj (.bss:gZBuf)
                  20002644    00000050     bmp085.obj (.bss)
                  20002694    00000050     imu.obj (.bss)
                  200026e4    0000003c     adxl345.obj (.bss:gADXL345)
                  20002720    0000002c     hmc5883l.obj (.bss:gHMC5883L)
                  2000274c    0000002c     imu.obj (.bss:gRawData)
                  20002778    0000002c     imu.obj (.bss:gRealData)
                  200027a4    00000028     bmp085.obj (.bss:gAltZBuf)
                  200027cc    00000024     l3g4200d.obj (.bss:gL3G)

.data      0    200027f0    000001e0     
                  200027f0    000000b0     rtsv7M4_T_le_v4SPD16_eabi.lib : signal.obj (.data:sigtable)
                  200028a0    00000080                                   : xvalues.obj (.data)
                  20002920    00000068                                   : xfvalues.obj (.data)
                  20002988    00000020     tmrsys.obj (.data)
                  200029a8    00000008     rtsv7M4_T_le_v4SPD16_eabi.lib : _lock.obj (.data)
                  200029b0    00000008                                   : exit.obj (.data)
                  200029b8    00000008                                   : feraiseexcept.obj (.data)
                  200029c0    00000005     uartstdio.obj (.data)
                  200029c5    00000003     --HOLE--
                  200029c8    00000004     rtsv7M4_T_le_v4SPD16_eabi.lib : errno.obj (.data)
                  200029cc    00000004                                   : stkdepth_vars.obj (.data)


LINKER GENERATED COPY TABLES

__TI_cinit_table @ 00006e00 records: 2, size/record: 8, table size: 16
	.data: load addr=00006d88, load size=00000063 bytes, run addr=200027f0, run size=000001e0 bytes, compression=rle
	.bss: load addr=00006df8, load size=00000008 bytes, run addr=20002000, run size=000007f0 bytes, compression=zero_init


LINKER GENERATED HANDLER TABLE

__TI_handler_table @ 00006dec records: 3, size/record: 4, table size: 12
	index: 0, handler: __TI_decompress_rle24
	index: 1, handler: __TI_decompress_none
	index: 2, handler: __TI_zero_init


GLOBAL SYMBOLS: SORTED ALPHABETICALLY BY Name 

address    name
--------   ----
000067d5   C$$EXIT
00006a3b   CPUcpsie
00006a0d   FPUEnable
000068ed   GPIODirModeSet
00005f95   GPIOPadConfigSet
00006a53   GPIOPinRead
000064f5   GPIOPinTypeI2CSCL
00006a6d   I2CMasterDataGet
0000629d   InitConsole
00006a5d   IntMasterEnable
00006a47   ResetISR
UNDEFED    SHT$$INIT_ARRAY$$Base
UNDEFED    SHT$$INIT_ARRAY$$Limit
000050c9   SysCtlClockGet
000069a9   SysTickEnable
000069bd   SysTickIntDisable
000069d1   SysTickIntEnable
00006a1d   SysTickPeriodSet
00005667   SysTick_Handler
000037fd   UARTStdioConfig
00003855   UARTStdioInit
0000386f   UARTStdioInitExpClk
00003997   UARTgetc
000038d7   UARTgets
000039c9   UARTprintf
00003889   UARTwrite
00005459   _Atan
200028a0   _Denorm
0000605d   _Dint
00006121   _Dnorm
00005d95   _Dscale
0000674d   _Dtest
0000656d   _Dunscale
200028b0   _Eps
200029c8   _Errno
00004ec1   _Exp
20002920   _FDenorm
20002930   _FEps
20002940   _FInf
20002950   _FNan
20002970   _FRteps
20002960   _FSnan
20002980   _FXbig
20002984   _FZero
200029b8   _Fenv
000068bd   _Feraise
200028c0   _Hugeval
200028d0   _Inf
000048f1   _Log
200028e0   _Nan
20002900   _Rteps
200028f0   _Snan
200029bc   _Tls_setup__Fenv
20002910   _Xbig
20002918   _Zero
20002000   __STACK_END
00002000   __STACK_SIZE
20000100   __STACK_TOP
00006e00   __TI_CINIT_Base
00006e10   __TI_CINIT_Limit
00006dec   __TI_Handler_Table_Base
00006df8   __TI_Handler_Table_Limit
00000001   __TI_args_main
000063e1   __TI_auto_init
00006a2d   __TI_decompress_none
00006a67   __TI_decompress_rle24
00000000   __TI_static_base__
000069f9   __TI_zero_init
00006475   __aeabi_cdcmpeq
00006475   __aeabi_cdcmple
0000662f   __aeabi_d2f
000066c1   __aeabi_d2iz
000052ab   __aeabi_dadd
00005a1d   __aeabi_ddiv
00005e99   __aeabi_dmul
000052a1   __aeabi_dsub
00006855   __aeabi_f2d
0000691b   __aeabi_i2d
00006345   __aeabi_memcpy
00006345   __aeabi_memcpy4
00006345   __aeabi_memcpy8
00006791   __aeabi_uidivmod
ffffffff   __binit__
ffffffff   __c_args__
0000026d   __error__
20000000   __stack
00006991   _args_main
00006679   _c_int00
200029b0   _cleanup_ptr
200029b4   _dtors_ptr
200029a8   _lock
000069f3   _nop
000069eb   _register_lock
000069e5   _register_unlock
200029ac   _unlock
000067d9   abort
000027e3   adxl345_BypassFifo
00002891   adxl345_CalcXYZGData
0000273d   adxl345_Config
00002cff   adxl345_GetActivityThreshold
0000299d   adxl345_GetAveragedRawData
00002bbb   adxl345_GetAxisOffset
000030bd   adxl345_GetBwCode
000028fb   adxl345_GetCorrectedData
00002c77   adxl345_GetDoubleTapLatency
00002cbb   adxl345_GetDoubleTapWindow
00002e0f   adxl345_GetFreeFallDuration
00002dcb   adxl345_GetFreeFallThreshold
00002b07   adxl345_GetFullResBit
00002d43   adxl345_GetInactivityThreshold
00002aeb   adxl345_GetInterruptLevelBit
00003111   adxl345_GetInterruptMapping
000030eb   adxl345_GetInterruptSource
000030ff   adxl345_GetInterruptSourceBit
00002b23   adxl345_GetJustifyBit
00002a2d   adxl345_GetRangeSetting
00002fe3   adxl345_GetRate
000031b5   adxl345_GetRegisterBit
00002ab3   adxl345_GetSelfTestBit
00002acf   adxl345_GetSpiBit
00002f03   adxl345_GetSuppressBit
00002c37   adxl345_GetTapDuration
00002b79   adxl345_GetTapThreshold
00002d87   adxl345_GetTimeInactivity
00002ecb   adxl345_IsActivityAc
00002f73   adxl345_IsActivitySourceOnX
00002f7f   adxl345_IsActivitySourceOnY
00002f8b   adxl345_IsActivitySourceOnZ
00002e23   adxl345_IsActivityXEnabled
00002e2f   adxl345_IsActivityYEnabled
00002e3b   adxl345_IsActivityZEnabled
00002fbb   adxl345_IsAsleep
00002ed7   adxl345_IsInactivityAc
00002e47   adxl345_IsInactivityXEnabled
00002e53   adxl345_IsInactivityYEnabled
00002e5f   adxl345_IsInactivityZEnabled
00003139   adxl345_IsInterruptEnabled
00002fc7   adxl345_IsLowPower
00002f1f   adxl345_IsTapDetectionOnX
00002f3b   adxl345_IsTapDetectionOnY
00002f57   adxl345_IsTapDetectionOnZ
00002f97   adxl345_IsTapSourceOnX
00002fa3   adxl345_IsTapSourceOnY
00002faf   adxl345_IsTapSourceOnZ
0000280b   adxl345_PowerOn
0000282d   adxl345_ReadXYZRawData
00002ee3   adxl345_SetActivityAc
00002ccf   adxl345_SetActivityThreshold
00002e6b   adxl345_SetActivityX
00002e7b   adxl345_SetActivityY
00002e8b   adxl345_SetActivityZ
00002b8d   adxl345_SetAxisOffset
00003097   adxl345_SetBw
00002c5d   adxl345_SetDoubleTapLatency
00002c8b   adxl345_SetDoubleTapWindow
00002ddf   adxl345_SetFreeFallDuration
00002d9b   adxl345_SetFreeFallThreshold
00002b13   adxl345_SetFullResBit
00002ef3   adxl345_SetInactivityAc
00002d13   adxl345_SetInactivityThreshold
00002e9b   adxl345_SetInactivityX
00002eab   adxl345_SetInactivityY
00002ebb   adxl345_SetInactivityZ
0000314b   adxl345_SetInterrupt
00002af7   adxl345_SetInterruptLevelBit
00003123   adxl345_SetInterruptMapping
00002b35   adxl345_SetJustifyBit
00002fd3   adxl345_SetLowPower
00002a51   adxl345_SetRangeSetting
0000302d   adxl345_SetRate
00003161   adxl345_SetRegisterBit
00002abf   adxl345_SetSelfTestBit
00002adb   adxl345_SetSpiBit
00002f0f   adxl345_SetSuppressBit
00002f2b   adxl345_SetTapDetectionOnX
00002f47   adxl345_SetTapDetectionOnY
00002f63   adxl345_SetTapDetectionOnZ
00002c07   adxl345_SetTapDuration
00002b49   adxl345_SetTapThreshold
00002d57   adxl345_SetTimeInactivity
000030d1   adxl345_Triggered
00005b55   asin
000061e1   atan
00005c7d   atan2
ffffffff   binit
00003363   bmp085_AcquireAveragedSample
00003675   bmp085_AverageAltitude
0000356d   bmp085_CalcPressurePa
000034f5   bmp085_CalcTemperatureCx10
000031e9   bmp085_Config
000036d7   bmp085_DeltaCmPerSec
000032fb   bmp085_InitData
00003319   bmp085_InitWindowBuffers
00003751   bmp085_Pa2Cm
0000323f   bmp085_ReadCoeffs
000034b1   bmp085_ReadPressureSample
00003481   bmp085_ReadTemperatureSample
00003347   bmp085_TriggerPressureSample
00003355   bmp085_TriggerTemperatureSample
00006709   copy_in
200026a4   exInt
000067e1   exit
200026a8   eyInt
200026ac   ezInt
0000688d   feraiseexcept
00000bb1   ftoa
20002644   gAC1
20002646   gAC2
20002648   gAC3
2000264a   gAC4
2000264c   gAC5
2000264e   gAC6
200026e4   gADXL345
20002048   gAXBuf
20002024   gAXC
20002000   gAXRawAvg
20002068   gAYBuf
20002028   gAYC
20002004   gAYRawAvg
20002088   gAZBuf
2000202c   gAZC
20002008   gAZRawAvg
200027a4   gAltZBuf
20002650   gB1
20002652   gB2
20002654   gB5
20002998   gBtnState
20002108   gGXBuf
20002030   gGXC
2000200c   gGXRawAvg
20002128   gGYBuf
20002034   gGYC
20002010   gGYRawAvg
20002148   gGZBuf
20002038   gGZC
20002014   gGZRawAvg
20002720   gHMC5883L
200027cc   gL3G
200020a8   gMXBuf
2000203c   gMXC
20002018   gMXRawAvg
200020c8   gMYBuf
20002040   gMYC
2000201c   gMYRawAvg
200020e8   gMZBuf
20002044   gMZC
20002020   gMZRawAvg
20002658   gMb
2000265a   gMc
2000265c   gMd
00006a70   gPZTbl
20002168   gQuaternion
2000274c   gRawData
20002778   gRealData
20002194   gXBuf
20002324   gYBuf
20002178   gYPR
20002184   gYPRref
200024b4   gZBuf
00000000   g_pfnVectors
2000299c   gbBtnPressed
200029a0   gbSysTickFlag
2000266c   gnAltAvgCm
20002668   gnAltAvgM
20002670   gnAltCm
20002674   gnCps
2000268c   gnDen
2000298c   gnHours
20002990   gnMinutes
20002190   gnPA
20002690   gnPa
2000267c   gnPraw
20002994   gnSeconds
20002660   gnSensorState
20002664   gnSmpCnt
20002684   gnSum_t
20002688   gnSum_t2
20002988   gnSysTick
20002680   gnTempC
200029a4   gnTick
20002678   gnTraw
0000455d   hmc5883l_Config
00004605   hmc5883l_GetAveragedRawData
0000468f   hmc5883l_GetCorrectedData
00004723   hmc5883l_GetHeadingDeg
000045a1   hmc5883l_ReadXYZRawData
00004855   hmc5883l_SetMeasurementMode
0000488d   hmc5883l_SetOperatingMode
0000457f   hmc5883l_SetScale
00004155   i2c_Config
00004339   i2c_RcvBuf
000041af   i2c_RcvByte
00004453   i2c_XmtBuf
0000425f   i2c_XmtByte
000019d1   imu_AHRSUpdate
000022d5   imu_GetEuler
000021e9   imu_GetQ
000018b5   imu_GetRawValues
000024c1   imu_GetYawPitchRoll
00001845   imu_Init
000026cd   imu_InvSqrt
000018fb   imu_UpdateData
200026c8   integralFBx
200026cc   integralFBy
200026d0   integralFBz
20002694   iq0
20002698   iq1
2000269c   iq2
200026a0   iq3
00004bfd   l3g_Config
00004c79   l3g_GetAveragedRawData
00004d05   l3g_GetCalibStatsRawData
00004dc1   l3g_GetCorrectedData
00004c15   l3g_ReadXYZRawData
200026d4   lastUpdate
00006977   log
00000279   main
200029cc   main_func_sp
00006345   memcpy
200026d8   now
00003cad   pow
200026b8   q0
200026bc   q1
200026c0   q2
200026c4   q3
00006949   raise
200026dc   sampleFreq
00006815   signal
000058c9   sqrt
200026e0   startLoopTime
000055ed   tmrsys_Config
00005703   tmrsys_DelayMs
000056e9   tmrsys_ResetElapsedTime
200026b4   twoKi
200026b0   twoKp
00000d39   ui_ADXL345Calibrate
0000105d   ui_HMC5883LCalibrate
00001379   ui_L3GCalibrate
00000ab9   ui_SetDefaultUserParams
000014c9   ui_printframe
000057d3   util_AverageSamples
00005769   util_BtnClear
000008f5   util_FillAveragingBuffers
000057a1   util_MemCpy
00005771   util_MemSet
00005835   util_SigmaSamples
00001539   util_WaitBtnPressTimeout


GLOBAL SYMBOLS: SORTED BY Symbol Address 

address    name
--------   ----
00000000   __TI_static_base__
00000000   g_pfnVectors
00000001   __TI_args_main
0000026d   __error__
00000279   main
000008f5   util_FillAveragingBuffers
00000ab9   ui_SetDefaultUserParams
00000bb1   ftoa
00000d39   ui_ADXL345Calibrate
0000105d   ui_HMC5883LCalibrate
00001379   ui_L3GCalibrate
000014c9   ui_printframe
00001539   util_WaitBtnPressTimeout
00001845   imu_Init
000018b5   imu_GetRawValues
000018fb   imu_UpdateData
000019d1   imu_AHRSUpdate
00002000   __STACK_SIZE
000021e9   imu_GetQ
000022d5   imu_GetEuler
000024c1   imu_GetYawPitchRoll
000026cd   imu_InvSqrt
0000273d   adxl345_Config
000027e3   adxl345_BypassFifo
0000280b   adxl345_PowerOn
0000282d   adxl345_ReadXYZRawData
00002891   adxl345_CalcXYZGData
000028fb   adxl345_GetCorrectedData
0000299d   adxl345_GetAveragedRawData
00002a2d   adxl345_GetRangeSetting
00002a51   adxl345_SetRangeSetting
00002ab3   adxl345_GetSelfTestBit
00002abf   adxl345_SetSelfTestBit
00002acf   adxl345_GetSpiBit
00002adb   adxl345_SetSpiBit
00002aeb   adxl345_GetInterruptLevelBit
00002af7   adxl345_SetInterruptLevelBit
00002b07   adxl345_GetFullResBit
00002b13   adxl345_SetFullResBit
00002b23   adxl345_GetJustifyBit
00002b35   adxl345_SetJustifyBit
00002b49   adxl345_SetTapThreshold
00002b79   adxl345_GetTapThreshold
00002b8d   adxl345_SetAxisOffset
00002bbb   adxl345_GetAxisOffset
00002c07   adxl345_SetTapDuration
00002c37   adxl345_GetTapDuration
00002c5d   adxl345_SetDoubleTapLatency
00002c77   adxl345_GetDoubleTapLatency
00002c8b   adxl345_SetDoubleTapWindow
00002cbb   adxl345_GetDoubleTapWindow
00002ccf   adxl345_SetActivityThreshold
00002cff   adxl345_GetActivityThreshold
00002d13   adxl345_SetInactivityThreshold
00002d43   adxl345_GetInactivityThreshold
00002d57   adxl345_SetTimeInactivity
00002d87   adxl345_GetTimeInactivity
00002d9b   adxl345_SetFreeFallThreshold
00002dcb   adxl345_GetFreeFallThreshold
00002ddf   adxl345_SetFreeFallDuration
00002e0f   adxl345_GetFreeFallDuration
00002e23   adxl345_IsActivityXEnabled
00002e2f   adxl345_IsActivityYEnabled
00002e3b   adxl345_IsActivityZEnabled
00002e47   adxl345_IsInactivityXEnabled
00002e53   adxl345_IsInactivityYEnabled
00002e5f   adxl345_IsInactivityZEnabled
00002e6b   adxl345_SetActivityX
00002e7b   adxl345_SetActivityY
00002e8b   adxl345_SetActivityZ
00002e9b   adxl345_SetInactivityX
00002eab   adxl345_SetInactivityY
00002ebb   adxl345_SetInactivityZ
00002ecb   adxl345_IsActivityAc
00002ed7   adxl345_IsInactivityAc
00002ee3   adxl345_SetActivityAc
00002ef3   adxl345_SetInactivityAc
00002f03   adxl345_GetSuppressBit
00002f0f   adxl345_SetSuppressBit
00002f1f   adxl345_IsTapDetectionOnX
00002f2b   adxl345_SetTapDetectionOnX
00002f3b   adxl345_IsTapDetectionOnY
00002f47   adxl345_SetTapDetectionOnY
00002f57   adxl345_IsTapDetectionOnZ
00002f63   adxl345_SetTapDetectionOnZ
00002f73   adxl345_IsActivitySourceOnX
00002f7f   adxl345_IsActivitySourceOnY
00002f8b   adxl345_IsActivitySourceOnZ
00002f97   adxl345_IsTapSourceOnX
00002fa3   adxl345_IsTapSourceOnY
00002faf   adxl345_IsTapSourceOnZ
00002fbb   adxl345_IsAsleep
00002fc7   adxl345_IsLowPower
00002fd3   adxl345_SetLowPower
00002fe3   adxl345_GetRate
0000302d   adxl345_SetRate
00003097   adxl345_SetBw
000030bd   adxl345_GetBwCode
000030d1   adxl345_Triggered
000030eb   adxl345_GetInterruptSource
000030ff   adxl345_GetInterruptSourceBit
00003111   adxl345_GetInterruptMapping
00003123   adxl345_SetInterruptMapping
00003139   adxl345_IsInterruptEnabled
0000314b   adxl345_SetInterrupt
00003161   adxl345_SetRegisterBit
000031b5   adxl345_GetRegisterBit
000031e9   bmp085_Config
0000323f   bmp085_ReadCoeffs
000032fb   bmp085_InitData
00003319   bmp085_InitWindowBuffers
00003347   bmp085_TriggerPressureSample
00003355   bmp085_TriggerTemperatureSample
00003363   bmp085_AcquireAveragedSample
00003481   bmp085_ReadTemperatureSample
000034b1   bmp085_ReadPressureSample
000034f5   bmp085_CalcTemperatureCx10
0000356d   bmp085_CalcPressurePa
00003675   bmp085_AverageAltitude
000036d7   bmp085_DeltaCmPerSec
00003751   bmp085_Pa2Cm
000037fd   UARTStdioConfig
00003855   UARTStdioInit
0000386f   UARTStdioInitExpClk
00003889   UARTwrite
000038d7   UARTgets
00003997   UARTgetc
000039c9   UARTprintf
00003cad   pow
00004155   i2c_Config
000041af   i2c_RcvByte
0000425f   i2c_XmtByte
00004339   i2c_RcvBuf
00004453   i2c_XmtBuf
0000455d   hmc5883l_Config
0000457f   hmc5883l_SetScale
000045a1   hmc5883l_ReadXYZRawData
00004605   hmc5883l_GetAveragedRawData
0000468f   hmc5883l_GetCorrectedData
00004723   hmc5883l_GetHeadingDeg
00004855   hmc5883l_SetMeasurementMode
0000488d   hmc5883l_SetOperatingMode
000048f1   _Log
00004bfd   l3g_Config
00004c15   l3g_ReadXYZRawData
00004c79   l3g_GetAveragedRawData
00004d05   l3g_GetCalibStatsRawData
00004dc1   l3g_GetCorrectedData
00004ec1   _Exp
000050c9   SysCtlClockGet
000052a1   __aeabi_dsub
000052ab   __aeabi_dadd
00005459   _Atan
000055ed   tmrsys_Config
00005667   SysTick_Handler
000056e9   tmrsys_ResetElapsedTime
00005703   tmrsys_DelayMs
00005769   util_BtnClear
00005771   util_MemSet
000057a1   util_MemCpy
000057d3   util_AverageSamples
00005835   util_SigmaSamples
000058c9   sqrt
00005a1d   __aeabi_ddiv
00005b55   asin
00005c7d   atan2
00005d95   _Dscale
00005e99   __aeabi_dmul
00005f95   GPIOPadConfigSet
0000605d   _Dint
00006121   _Dnorm
000061e1   atan
0000629d   InitConsole
00006345   __aeabi_memcpy
00006345   __aeabi_memcpy4
00006345   __aeabi_memcpy8
00006345   memcpy
000063e1   __TI_auto_init
00006475   __aeabi_cdcmpeq
00006475   __aeabi_cdcmple
000064f5   GPIOPinTypeI2CSCL
0000656d   _Dunscale
0000662f   __aeabi_d2f
00006679   _c_int00
000066c1   __aeabi_d2iz
00006709   copy_in
0000674d   _Dtest
00006791   __aeabi_uidivmod
000067d5   C$$EXIT
000067d9   abort
000067e1   exit
00006815   signal
00006855   __aeabi_f2d
0000688d   feraiseexcept
000068bd   _Feraise
000068ed   GPIODirModeSet
0000691b   __aeabi_i2d
00006949   raise
00006977   log
00006991   _args_main
000069a9   SysTickEnable
000069bd   SysTickIntDisable
000069d1   SysTickIntEnable
000069e5   _register_unlock
000069eb   _register_lock
000069f3   _nop
000069f9   __TI_zero_init
00006a0d   FPUEnable
00006a1d   SysTickPeriodSet
00006a2d   __TI_decompress_none
00006a3b   CPUcpsie
00006a47   ResetISR
00006a53   GPIOPinRead
00006a5d   IntMasterEnable
00006a67   __TI_decompress_rle24
00006a6d   I2CMasterDataGet
00006a70   gPZTbl
00006dec   __TI_Handler_Table_Base
00006df8   __TI_Handler_Table_Limit
00006e00   __TI_CINIT_Base
00006e10   __TI_CINIT_Limit
20000000   __stack
20000100   __STACK_TOP
20002000   __STACK_END
20002000   gAXRawAvg
20002004   gAYRawAvg
20002008   gAZRawAvg
2000200c   gGXRawAvg
20002010   gGYRawAvg
20002014   gGZRawAvg
20002018   gMXRawAvg
2000201c   gMYRawAvg
20002020   gMZRawAvg
20002024   gAXC
20002028   gAYC
2000202c   gAZC
20002030   gGXC
20002034   gGYC
20002038   gGZC
2000203c   gMXC
20002040   gMYC
20002044   gMZC
20002048   gAXBuf
20002068   gAYBuf
20002088   gAZBuf
200020a8   gMXBuf
200020c8   gMYBuf
200020e8   gMZBuf
20002108   gGXBuf
20002128   gGYBuf
20002148   gGZBuf
20002168   gQuaternion
20002178   gYPR
20002184   gYPRref
20002190   gnPA
20002194   gXBuf
20002324   gYBuf
200024b4   gZBuf
20002644   gAC1
20002646   gAC2
20002648   gAC3
2000264a   gAC4
2000264c   gAC5
2000264e   gAC6
20002650   gB1
20002652   gB2
20002654   gB5
20002658   gMb
2000265a   gMc
2000265c   gMd
20002660   gnSensorState
20002664   gnSmpCnt
20002668   gnAltAvgM
2000266c   gnAltAvgCm
20002670   gnAltCm
20002674   gnCps
20002678   gnTraw
2000267c   gnPraw
20002680   gnTempC
20002684   gnSum_t
20002688   gnSum_t2
2000268c   gnDen
20002690   gnPa
20002694   iq0
20002698   iq1
2000269c   iq2
200026a0   iq3
200026a4   exInt
200026a8   eyInt
200026ac   ezInt
200026b0   twoKp
200026b4   twoKi
200026b8   q0
200026bc   q1
200026c0   q2
200026c4   q3
200026c8   integralFBx
200026cc   integralFBy
200026d0   integralFBz
200026d4   lastUpdate
200026d8   now
200026dc   sampleFreq
200026e0   startLoopTime
200026e4   gADXL345
20002720   gHMC5883L
2000274c   gRawData
20002778   gRealData
200027a4   gAltZBuf
200027cc   gL3G
200028a0   _Denorm
200028b0   _Eps
200028c0   _Hugeval
200028d0   _Inf
200028e0   _Nan
200028f0   _Snan
20002900   _Rteps
20002910   _Xbig
20002918   _Zero
20002920   _FDenorm
20002930   _FEps
20002940   _FInf
20002950   _FNan
20002960   _FSnan
20002970   _FRteps
20002980   _FXbig
20002984   _FZero
20002988   gnSysTick
2000298c   gnHours
20002990   gnMinutes
20002994   gnSeconds
20002998   gBtnState
2000299c   gbBtnPressed
200029a0   gbSysTickFlag
200029a4   gnTick
200029a8   _lock
200029ac   _unlock
200029b0   _cleanup_ptr
200029b4   _dtors_ptr
200029b8   _Fenv
200029bc   _Tls_setup__Fenv
200029c8   _Errno
200029cc   main_func_sp
ffffffff   __binit__
ffffffff   __c_args__
ffffffff   binit
UNDEFED    SHT$$INIT_ARRAY$$Base
UNDEFED    SHT$$INIT_ARRAY$$Limit

[347 symbols]
